12:04:07 **** Auto Build of configuration Debug for project Evo ****
make pre-build main-build 
a9-linaro-pre-build-step
' '
'Building file: ../src/main.c'
'Invoking: ARM v7 gcc compiler'
arm-none-eabi-gcc -Wall -O0 -g3 -c -fmessage-length=0 -MT"src/main.o" -mcpu=cortex-a9 -mfpu=vfpv3 -mfloat-abi=hard -I../../Evo_bsp/ps7_cortexa9_0/include -MMD -MP -MF"src/main.d" -MT"src/main.o" -o "src/main.o" "../src/main.c"
'Finished building: ../src/main.c'
' '
'Building target: Evo.elf'
'Invoking: ARM v7 gcc linker'
arm-none-eabi-gcc -mcpu=cortex-a9 -mfpu=vfpv3 -mfloat-abi=hard -Wl,-build-id=none -specs=Xilinx.spec -Wl,-T -Wl,../src/lscript.ld -L../../Evo_bsp/ps7_cortexa9_0/lib -o "Evo.elf"  ./src/main.o ./src/platform.o ./src/read.o ./src/write.o   -Wl,--start-group,-lxil,-lgcc,-lc,--end-group
'Finished building target: Evo.elf'
' '
'Invoking: ARM v7 Print Size'
arm-none-eabi-size Evo.elf  |tee "Evo.elf.size"
   text	   data	    bss	    dec	    hex	filename
  28088	   1220	  22616	  51924	   cad4	Evo.elf
'Finished building: Evo.elf.size'
' '

12:04:07 Build Finished (took 595ms)

