21:43:07 **** Auto Build of configuration Debug for project Evo_V1 ****
make pre-build main-build 
a9-linaro-pre-build-step
' '
'Building file: ../src/initPL.c'
'Invoking: ARM v7 gcc compiler'
arm-none-eabi-gcc -Wall -O0 -g3 -c -fmessage-length=0 -MT"src/initPL.o" -mcpu=cortex-a9 -mfpu=vfpv3 -mfloat-abi=hard -I../../Evo_V1_bsp/ps7_cortexa9_0/include -MMD -MP -MF"src/initPL.d" -MT"src/initPL.o" -o "src/initPL.o" "../src/initPL.c"
'Finished building: ../src/initPL.c'
' '
'Building target: Evo_V1.elf'
'Invoking: ARM v7 gcc linker'
arm-none-eabi-gcc -mcpu=cortex-a9 -mfpu=vfpv3 -mfloat-abi=hard -Wl,-build-id=none -specs=Xilinx.spec -Wl,-T -Wl,../src/lscript.ld -L../../Evo_V1_bsp/ps7_cortexa9_0/lib -o "Evo_V1.elf"  ./src/initPL.o ./src/main.o ./src/parser.o ./src/read.o ./src/write.o   -Wl,--start-group,-lxil,-lgcc,-lc,--end-group
'Finished building target: Evo_V1.elf'
' '
'Invoking: ARM v7 Print Size'
arm-none-eabi-size Evo_V1.elf  |tee "Evo_V1.elf.size"
   text	   data	    bss	    dec	    hex	filename
  56280	   2880	  22832	  81992	  14048	Evo_V1.elf
'Finished building: Evo_V1.elf.size'
' '

21:43:07 Build Finished (took 663ms)

