16:28:37 **** Auto Build of configuration Debug for project Evo_V1 ****
make pre-build main-build 
a9-linaro-pre-build-step
' '
'Building file: ../src/main.c'
'Invoking: ARM v7 gcc compiler'
arm-none-eabi-gcc -Wall -O0 -g3 -c -fmessage-length=0 -MT"src/main.o" -mcpu=cortex-a9 -mfpu=vfpv3 -mfloat-abi=hard -I../../Evo_V1_bsp/ps7_cortexa9_0/include -MMD -MP -MF"src/main.d" -MT"src/main.o" -o "src/main.o" "../src/main.c"
../src/main.c: In function 'main':
../src/main.c:146:11: warning: pointer targets in passing argument 1 of 'strcpy' differ in signedness [-Wpointer-sign]
    strcpy(result, "RESENDXX");
           ^~~~~~
In file included from c:\xilinx\sdk\2017.2\gnu\aarch32\nt\gcc-arm-none-eabi\arm-none-eabi\libc\usr\include\ctype.h:4:0,
                 from ../../Evo_V1_bsp/ps7_cortexa9_0/include/xil_printf.h:8,
                 from ../../Evo_V1_bsp/ps7_cortexa9_0/include/xil_io.h:65,
                 from ../../Evo_V1_bsp/ps7_cortexa9_0/include/xgpio_l.h:87,
                 from ../../Evo_V1_bsp/ps7_cortexa9_0/include/xgpio.h:136,
                 from ../src/main.c:8:
c:\xilinx\sdk\2017.2\gnu\aarch32\nt\gcc-arm-none-eabi\arm-none-eabi\libc\usr\include\string.h:30:8: note: expected 'char * restrict' but argument is of type 'u8 * {aka unsigned char *}'
 char  *_EXFUN(strcpy,(char *__restrict, const char *__restrict));
        ^
../src/main.c:155:11: warning: pointer targets in passing argument 1 of 'strcpy' differ in signedness [-Wpointer-sign]
    strcpy(result, string);
           ^~~~~~
In file included from c:\xilinx\sdk\2017.2\gnu\aarch32\nt\gcc-arm-none-eabi\arm-none-eabi\libc\usr\include\ctype.h:4:0,
                 from ../../Evo_V1_bsp/ps7_cortexa9_0/include/xil_printf.h:8,
                 from ../../Evo_V1_bsp/ps7_cortexa9_0/include/xil_io.h:65,
                 from ../../Evo_V1_bsp/ps7_cortexa9_0/include/xgpio_l.h:87,
                 from ../../Evo_V1_bsp/ps7_cortexa9_0/include/xgpio.h:136,
                 from ../src/main.c:8:
c:\xilinx\sdk\2017.2\gnu\aarch32\nt\gcc-arm-none-eabi\arm-none-eabi\libc\usr\include\string.h:30:8: note: expected 'char * restrict' but argument is of type 'u8 * {aka unsigned char *}'
 char  *_EXFUN(strcpy,(char *__restrict, const char *__restrict));
        ^
../src/main.c:108:23: warning: unused variable 'switch_data' [-Wunused-variable]
  int button_data = 0, switch_data = 0, led_data = 0;
                       ^~~~~~~~~~~
../src/main.c:108:6: warning: unused variable 'button_data' [-Wunused-variable]
  int button_data = 0, switch_data = 0, led_data = 0;
      ^~~~~~~~~~~
../src/main.c: In function 'IRQ_Initialization':
../src/main.c:293:6: warning: variable 'status' set but not used [-Wunused-but-set-variable]
  int status = XST_SUCCESS;
      ^~~~~~
'Finished building: ../src/main.c'
' '
'Building target: Evo_V1.elf'
'Invoking: ARM v7 gcc linker'
arm-none-eabi-gcc -mcpu=cortex-a9 -mfpu=vfpv3 -mfloat-abi=hard -Wl,-build-id=none -specs=Xilinx.spec -Wl,-T -Wl,../src/lscript.ld -L../../Evo_V1_bsp/ps7_cortexa9_0/lib -o "Evo_V1.elf"  ./src/initPL.o ./src/main.o ./src/parser.o ./src/read.o ./src/write.o   -Wl,--start-group,-lxil,-lgcc,-lc,--end-group
'Finished building target: Evo_V1.elf'
' '
'Invoking: ARM v7 Print Size'
arm-none-eabi-size Evo_V1.elf  |tee "Evo_V1.elf.size"
   text	   data	    bss	    dec	    hex	filename
  48728	   2856	  22800	  74384	  12290	Evo_V1.elf
'Finished building: Evo_V1.elf.size'
' '

16:28:38 Build Finished (took 706ms)

